#
# There is insufficient memory for the Java Runtime Environment to continue.
# Native memory allocation (mmap) failed to map 264241152 bytes. Error detail: G1 virtual space
# Possible reasons:
#   The system is out of physical RAM or swap space
#   This process is running with CompressedOops enabled, and the Java Heap may be blocking the growth of the native heap
# Possible solutions:
#   Reduce memory load on the system
#   Increase physical memory or swap space
#   Check if swap backing store is full
#   Decrease Java heap size (-Xmx/-Xms)
#   Decrease number of Java threads
#   Decrease Java thread stack sizes (-Xss)
#   Set larger code cache with -XX:ReservedCodeCacheSize=
#   JVM is running with Zero Based Compressed Oops mode in which the Java heap is
#     placed in the first 32GB address space. The Java Heap base address is the
#     maximum limit for the native heap growth. Please use -XX:HeapBaseMinAddress
#     to set the Java Heap base and to place the Java Heap above 32GB virtual address.
# This output file may be truncated or incomplete.
#
#  Out of Memory Error (os_windows.cpp:3630), pid=27660, tid=31320
#
# JRE version:  (17.0.20+8) (build )
# Java VM: OpenJDK 64-Bit Server VM (17.0.20+8, mixed mode, emulated-client, sharing, tiered, compressed oops, compressed class ptrs, g1 gc, windows-amd64)
# No core dump will be written. Minidumps are not enabled by default on client versions of Windows
#

---------------  S U M M A R Y ------------

Command Line: -XX:TieredStopAtLevel=1 -Dspring.output.ansi.enabled=always -Dcom.sun.management.jmxremote -Dspring.jmx.enabled=true -Dspring.liveBeansView.mbeanDomain -Dspring.application.admin.enabled=true -Dmanagement.endpoints.jmx.exposure.include=* -javaagent:E:\New folder\IDJE\IntelliJ IDEA 2026.2.0.1\lib\idea_rt.jar=59930 -Dfile.encoding=UTF-8 com.africell.cci_backend.AfricellCciBackendApplication

Host: 11th Gen Intel(R) Core(TM) i5-1135G7 @ 2.40GHz, 8 cores, 15G,  Windows 11 , 64 bit Build 26100 (10.0.26100.9168)
Time: Wed Aug 26 17:06:21 2026 India Standard Time elapsed time: 1.246061 seconds (0d 0h 0m 1s)

---------------  T H R E A D  ---------------

Current thread (0x000001e48cf8b0f0):  JavaThread "Unknown thread" [_thread_in_vm, id=31320, stack(0x000000d6c8b00000,0x000000d6c8c00000)]

Stack: [0x000000d6c8b00000,0x000000d6c8c00000]
Native frames: (J=compiled Java code, j=interpreted, Vv=VM code, C=native code)
V  [jvm.dll+0x684d39]
V  [jvm.dll+0x83a565]
V  [jvm.dll+0x83bfde]
V  [jvm.dll+0x83c663]
V  [jvm.dll+0x2490cf]
V  [jvm.dll+0x681af9]
V  [jvm.dll+0x6768ba]
V  [jvm.dll+0x309467]
V  [jvm.dll+0x310a56]
V  [jvm.dll+0x360f3e]
V  [jvm.dll+0x36117d]
V  [jvm.dll+0x2e04ec]
V  [jvm.dll+0x2e13f8]
V  [jvm.dll+0x80d42b]
V  [jvm.dll+0x36ebc1]
V  [jvm.dll+0x7ebfd5]
V  [jvm.dll+0x3f47ab]
V  [jvm.dll+0x3f6291]
C  [jli.dll+0x52dc]
C  [ucrtbase.dll+0x2cd30]
C  [KERNEL32.DLL+0x2ccb7]
C  [ntdll.dll+0xaad6c]


---------------  P R O C E S S  ---------------

Threads class SMR info:
_java_thread_list=0x00007fff861b8f58, length=0, elements={
}

Java Threads: ( => current thread )

Other Threads:
  0x000001e48cff97a0 GCTaskThread "GC Thread#0" [stack: 0x000000d6c8c00000,0x000000d6c8d00000] [id=2508]
  0x000001e48d00a2c0 ConcurrentGCThread "G1 Main Marker" [stack: 0x000000d6c8d00000,0x000000d6c8e00000] [id=36488]
  0x000001e48d00b9b0 ConcurrentGCThread "G1 Conc#0" [stack: 0x000000d6c8e00000,0x000000d6c8f00000] [id=9680]

[error occurred during error reporting (printing all threads), id 0xc0000005, EXCEPTION_ACCESS_VIOLATION (0xc0000005) at pc=0x00007fff85971017]

VM state: not at safepoint (not fully initialized)

VM Mutex/Monitor currently owned by a thread:  ([mutex/lock_event])
[0x000001e48cf85700] Heap_lock - owner thread: 0x000001e48cf8b0f0

Heap address: 0x0000000704200000, size: 4030 MB, Compressed Oops mode: Zero based, Oop shift amount: 3

CDS archive(s) mapped at: [0x0000000000000000-0x0000000000000000-0x0000000000000000), size 0, SharedBaseAddress: 0x0000000800000000, ArchiveRelocationMode: 1.
Narrow klass base: 0x0000000000000000, Narrow klass shift: 0, Narrow klass range: 0x0

GC Precious Log:
<Empty>

Heap:
 garbage-first heap   total 0K, used 0K [0x0000000704200000, 0x0000000800000000)
  region size 2048K, 0 young (0K), 0 survivors (0K)

[error occurred during error reporting (printing heap information), id 0xc0000005, EXCEPTION_ACCESS_VIOLATION (0xc0000005) at pc=0x00007fff85d5e379]

GC Heap History (0 events):
No events

Dll operation events (1 events):
Event: 0.013 Loaded shared library E:\JDK17\bin\java.dll

Deoptimization events (0 events):
No events

Classes loaded (0 events):
No events

Classes unloaded (0 events):
No events

Classes redefined (0 events):
No events

Internal exceptions (0 events):
No events

VM Operations (0 events):
No events

Memory protections (0 events):
No events

Nmethod flushes (0 events):
No events

Events (0 events):
No events


Dynamic libraries:
0x00007ff792610000 - 0x00007ff79261e000 	E:\JDK17\bin\java.exe
0x00007ff825f40000 - 0x00007ff8261a6000 	C:\WINDOWS\SYSTEM32\ntdll.dll
0x00007ff824ff0000 - 0x00007ff8250b9000 	C:\WINDOWS\System32\KERNEL32.DLL
0x00007ff823640000 - 0x00007ff823a3f000 	C:\WINDOWS\System32\KERNELBASE.dll
0x00007ff8234e0000 - 0x00007ff82362c000 	C:\WINDOWS\System32\ucrtbase.dll
0x00007ffffd9f0000 - 0x00007ffffda08000 	E:\JDK17\bin\jli.dll
0x00007ffff1b90000 - 0x00007ffff1bae000 	E:\JDK17\bin\VCRUNTIME140.dll
0x00007ff825c90000 - 0x00007ff825e56000 	C:\WINDOWS\System32\USER32.dll
0x00007ff807030000 - 0x00007ff8072c1000 	C:\WINDOWS\WinSxS\amd64_microsoft.windows.common-controls_6595b64144ccf1df_6.0.26100.8972_none_3e0da176e32f9d4b\COMCTL32.dll
0x00007ff825410000 - 0x00007ff8254b9000 	C:\WINDOWS\System32\msvcrt.dll
0x00007ff823150000 - 0x00007ff823177000 	C:\WINDOWS\System32\win32u.dll
0x00007ff825a00000 - 0x00007ff825a2b000 	C:\WINDOWS\System32\GDI32.dll
0x00007ff823180000 - 0x00007ff8232a9000 	C:\WINDOWS\System32\gdi32full.dll
0x00007ff823430000 - 0x00007ff8234d3000 	C:\WINDOWS\System32\msvcp_win.dll
0x00007ff8254c0000 - 0x00007ff8254f2000 	C:\WINDOWS\System32\IMM32.DLL
0x00007ffff5410000 - 0x00007ffff541c000 	E:\JDK17\bin\vcruntime140_1.dll
0x00007fffb4050000 - 0x00007fffb40dd000 	E:\JDK17\bin\msvcp140.dll
0x00007fff85680000 - 0x00007fff862ec000 	E:\JDK17\bin\server\jvm.dll
0x00007ff825260000 - 0x00007ff82531c000 	C:\WINDOWS\System32\ADVAPI32.dll
0x00007ff823c70000 - 0x00007ff823d1a000 	C:\WINDOWS\System32\sechost.dll
0x00007ff8258b0000 - 0x00007ff8259c8000 	C:\WINDOWS\System32\RPCRT4.dll
0x00007ff824bd0000 - 0x00007ff824c52000 	C:\WINDOWS\System32\WS2_32.dll
0x00007ff822fb0000 - 0x00007ff82300e000 	C:\WINDOWS\SYSTEM32\POWRPROF.dll
0x00007ff81f9f0000 - 0x00007ff81fa26000 	C:\WINDOWS\SYSTEM32\WINMM.dll
0x00007ff8192d0000 - 0x00007ff8192db000 	C:\WINDOWS\SYSTEM32\VERSION.dll
0x00007ff822f90000 - 0x00007ff822fa5000 	C:\WINDOWS\SYSTEM32\UMPDC.dll
0x00007ff821de0000 - 0x00007ff821dfb000 	C:\WINDOWS\SYSTEM32\kernel.appcore.dll
0x00007ffff0fe0000 - 0x00007ffff0fea000 	E:\JDK17\bin\jimage.dll
0x00007ff820640000 - 0x00007ff820882000 	C:\WINDOWS\SYSTEM32\DBGHELP.DLL
0x00007ff824c60000 - 0x00007ff824fe5000 	C:\WINDOWS\System32\combase.dll
0x00007ff825330000 - 0x00007ff825409000 	C:\WINDOWS\System32\OLEAUT32.dll
0x00007ff81f980000 - 0x00007ff81f9bb000 	C:\WINDOWS\SYSTEM32\dbgcore.DLL
0x00007ff823370000 - 0x00007ff82341c000 	C:\WINDOWS\System32\bcryptPrimitives.dll
0x00007ffff0fd0000 - 0x00007ffff0fde000 	E:\JDK17\bin\instrument.dll
0x00007fffcc850000 - 0x00007fffcc875000 	E:\JDK17\bin\java.dll

dbghelp: loaded successfully - version: 4.0.5 - missing functions: none
symbol engine: initialized successfully - sym options: 0x614 - pdb path: .;E:\JDK17\bin;C:\WINDOWS\SYSTEM32;C:\WINDOWS\WinSxS\amd64_microsoft.windows.common-controls_6595b64144ccf1df_6.0.26100.8972_none_3e0da176e32f9d4b;E:\JDK17\bin\server

VM Arguments:
jvm_args: -XX:TieredStopAtLevel=1 -Dspring.output.ansi.enabled=always -Dcom.sun.management.jmxremote -Dspring.jmx.enabled=true -Dspring.liveBeansView.mbeanDomain -Dspring.application.admin.enabled=true -Dmanagement.endpoints.jmx.exposure.include=* -javaagent:E:\New folder\IDJE\IntelliJ IDEA 2026.2.0.1\lib\idea_rt.jar=59930 -Dfile.encoding=UTF-8 
java_command: com.africell.cci_backend.AfricellCciBackendApplication
java_class_path (initial): E:\clickr\africell_cci_backend\target\classes;C:\Users\Archita\.m2\repository\org\springframework\boot\spring-boot-starter-data-jpa\4.0.6\spring-boot-starter-data-jpa-4.0.6.jar;C:\Users\Archita\.m2\repository\org\springframework\boot\spring-boot-starter\4.0.6\spring-boot-starter-4.0.6.jar;C:\Users\Archita\.m2\repository\org\springframework\boot\spring-boot-starter-logging\4.0.6\spring-boot-starter-logging-4.0.6.jar;C:\Users\Archita\.m2\repository\ch\qos\logback\logback-classic\1.5.32\logback-classic-1.5.32.jar;C:\Users\Archita\.m2\repository\ch\qos\logback\logback-core\1.5.32\logback-core-1.5.32.jar;C:\Users\Archita\.m2\repository\org\apache\logging\log4j\log4j-to-slf4j\2.25.4\log4j-to-slf4j-2.25.4.jar;C:\Users\Archita\.m2\repository\org\slf4j\jul-to-slf4j\2.0.17\jul-to-slf4j-2.0.17.jar;C:\Users\Archita\.m2\repository\org\springframework\boot\spring-boot-autoconfigure\4.0.6\spring-boot-autoconfigure-4.0.6.jar;C:\Users\Archita\.m2\repository\jakarta\annotation\jakarta.annotation-api\3.0.0\jakarta.annotation-api-3.0.0.jar;C:\Users\Archita\.m2\repository\org\yaml\snakeyaml\2.5\snakeyaml-2.5.jar;C:\Users\Archita\.m2\repository\org\springframework\boot\spring-boot-starter-jdbc\4.0.6\spring-boot-starter-jdbc-4.0.6.jar;C:\Users\Archita\.m2\repository\com\zaxxer\HikariCP\7.0.2\HikariCP-7.0.2.jar;C:\Users\Archita\.m2\repository\org\springframework\boot\spring-boot-data-jpa\4.0.6\spring-boot-data-jpa-4.0.6.jar;C:\Users\Archita\.m2\repository\org\springframework\boot\spring-boot-data-commons\4.0.6\spring-boot-data-commons-4.0.6.jar;C:\Users\Archita\.m2\repository\org\springframework\boot\spring-boot-persistence\4.0.6\spring-boot-persistence-4.0.6.jar;C:\Users\Archita\.m2\repository\org\springframework\data\spring-data-commons\4.0.5\spring-data-commons-4.0.5.jar;C:\Users\Archita\.m2\repository\org\springframework\boot\spring-boot-hibernate\4.0.6\spring-boot-hibernate-4.0.6.jar;C:\Users\Archita\.m2\repository\org\springframework\boot\spring-boot-jpa\
Launcher Type: SUN_STANDARD

[Global flags]
     intx CICompilerCount                          = 4                                         {product} {ergonomic}
     uint ConcGCThreads                            = 2                                         {product} {ergonomic}
     uint G1ConcRefinementThreads                  = 8                                         {product} {ergonomic}
   size_t G1HeapRegionSize                         = 2097152                                   {product} {ergonomic}
    uintx GCDrainStackTargetSize                   = 64                                        {product} {ergonomic}
   size_t InitialHeapSize                          = 264241152                                 {product} {ergonomic}
     bool ManagementServer                         = true                                      {product} {command line}
   size_t MarkStackSize                            = 4194304                                   {product} {ergonomic}
   size_t MaxHeapSize                              = 4225761280                                {product} {ergonomic}
   size_t MinHeapDeltaBytes                        = 2097152                                   {product} {ergonomic}
   size_t MinHeapSize                              = 8388608                                   {product} {ergonomic}
    uintx NonProfiledCodeHeapSize                  = 0                                      {pd product} {ergonomic}
     bool ProfileInterpreter                       = false                                  {pd product} {command line}
    uintx ProfiledCodeHeapSize                     = 0                                      {pd product} {ergonomic}
   size_t SoftMaxHeapSize                          = 4225761280                             {manageable} {ergonomic}
     intx TieredStopAtLevel                        = 1                                         {product} {command line}
     bool UseCompressedClassPointers               = true                           {product lp64_product} {ergonomic}
     bool UseCompressedOops                        = true                           {product lp64_product} {ergonomic}
     bool UseG1GC                                  = true                                      {product} {ergonomic}
     bool UseLargePagesIndividualAllocation        = false                                  {pd product} {ergonomic}

Logging:
Log output configuration:
 #0: stdout all=warning uptime,level,tags
 #1: stderr all=off uptime,level,tags

Environment Variables:
PATH=E:\JDK17\bin;C:\Python313\Scripts\;C:\Python313\;C:\WINDOWS\system32;C:\WINDOWS;C:\WINDOWS\System32\Wbem;C:\WINDOWS\System32\WindowsPowerShell\v1.0\;C:\WINDOWS\System32\OpenSSH\;C:\Program Files\dotnet\;C:\ProgramData\chocolatey\bin;C:\Program Files\MongoDB\Server\8.0\bin;C:\Program Files\Docker\Docker\resources\bin;E:\Git\cmd;E:\Node.js\;C:\Program Files\MySQL\MySQL Shell 8.0\bin\;C:\Users\Archita\.local\bin;C:\Users\Archita\AppData\Local\Programs\Python\Python310\Scripts\;C:\Users\Archita\AppData\Local\Programs\Python\Python310\;C:\Users\Archita\AppData\Local\Microsoft\WindowsApps;C:\MinGW\bin;C:\Users\Archita\AppData\Local\Programs\Microsoft VS Code\bin;C:\Users\Archita\AppData\Roaming\Microsoft\Windows\Start Menu\Programs\Python 3.12\Python 3.12 (64-bit).lnk;C:\Users\Archita\AppData\Local\Programs\Antigravity\bin;C:\Users\Archita\AppData\Local\Microsoft\WinGet\Packages\OpenJS.NodeJS_Microsoft.Winget.Source_8wekyb3d8bbwe\node-v26.4.0-win-x64;C:\Users\Archita\AppData\Roaming\npm
USERNAME=Archita
OS=Windows_NT
PROCESSOR_IDENTIFIER=Intel64 Family 6 Model 140 Stepping 1, GenuineIntel
TMP=C:\Users\Archita\AppData\Local\Temp
TEMP=C:\Users\Archita\AppData\Local\Temp



Periodic native trim disabled


---------------  S Y S T E M  ---------------

OS:
 Windows 11 , 64 bit Build 26100 (10.0.26100.9168)
OS uptime: 11 days 21:48 hours
Hyper-V role detected

CPU: total 8 (initial active 8) (4 cores per cpu, 2 threads per core) family 6 model 140 stepping 1 microcode 0xbe, cx8, cmov, fxsr, ht, mmx, 3dnowpref, sse, sse2, sse3, ssse3, sse4.1, sse4.2, popcnt, lzcnt, tsc, tscinvbit, avx, avx2, aes, erms, clmul, bmi1, bmi2, adx, avx512f, avx512dq, avx512cd, avx512bw, avx512vl, sha, fma, vzeroupper, avx512_vpopcntdq, avx512_vpclmulqdq, avx512_vaes, avx512_vnni, clflush, clflushopt, clwb, avx512_vbmi2, avx512_vbmi, hv
Processor Information for all 8 processors :
  Max Mhz: 2419, Current Mhz: 2419, Mhz Limit: 2419

Memory: 4k page, system-wide physical 16118M (1061M free)
TotalPageFile size 35868M (AvailPageFile size 197M)
current process WorkingSet (physical memory assigned to process): 13M, peak: 13M
current process commit charge ("private bytes"): 56M, peak: 307M

vm_info: OpenJDK 64-Bit Server VM (17.0.20+8) for windows-amd64 JRE (17.0.20+8), built on Jul 22 2026 00:41:45 by "admin" with MS VC++ 17.12 (VS2022)

END.
