#
# There is insufficient memory for the Java Runtime Environment to continue.
# Native memory allocation (malloc) failed to allocate 32744 bytes. Error detail: ChunkPool::allocate
# Possible reasons:
#   The system is out of physical RAM or swap space
#   This process is running with CompressedOops enabled, and the Java Heap may be blocking the growth of the native heap
# Possible solutions:
#   Reduce memory load on the system
#   Increase physical memory or swap space
#   Check if swap backing store is full
#   Decrease Java heap size (-Xmx/-Xms)
#   Decrease number of Java threads
#   Decrease Java thread stack sizes (-Xss)
#   Set larger code cache with -XX:ReservedCodeCacheSize=
#   JVM is running with Zero Based Compressed Oops mode in which the Java heap is
#     placed in the first 32GB address space. The Java Heap base address is the
#     maximum limit for the native heap growth. Please use -XX:HeapBaseMinAddress
#     to set the Java Heap base and to place the Java Heap above 32GB virtual address.
# This output file may be truncated or incomplete.
#
#  Out of Memory Error (arena.cpp:79), pid=31556, tid=14952
#
# JRE version: OpenJDK Runtime Environment Temurin-17.0.20+8 (17.0.20+8) (build 17.0.20+8)
# Java VM: OpenJDK 64-Bit Server VM Temurin-17.0.20+8 (17.0.20+8, mixed mode, emulated-client, sharing, tiered, compressed oops, compressed class ptrs, g1 gc, windows-amd64)
# No core dump will be written. Minidumps are not enabled by default on client versions of Windows
#

---------------  S U M M A R Y ------------

Command Line: -XX:TieredStopAtLevel=1 -Dspring.output.ansi.enabled=always -Dcom.sun.management.jmxremote -Dspring.jmx.enabled=true -Dspring.liveBeansView.mbeanDomain -Dspring.application.admin.enabled=true -Dmanagement.endpoints.jmx.exposure.include=* -javaagent:E:\New folder\IDJE\IntelliJ IDEA 2026.2.0.1\lib\idea_rt.jar=51929 -Dfile.encoding=UTF-8 com.africell.cci_backend.AfricellCciBackendApplication

Host: 11th Gen Intel(R) Core(TM) i5-1135G7 @ 2.40GHz, 8 cores, 15G,  Windows 11 , 64 bit Build 26100 (10.0.26100.9168)
Time: Wed Aug 26 16:27:50 2026 India Standard Time elapsed time: 10.712524 seconds (0d 0h 0m 10s)

---------------  T H R E A D  ---------------

Current thread (0x000001f17ed60ff0):  JavaThread "C1 CompilerThread0" daemon [_thread_in_native, id=14952, stack(0x0000006ba2400000,0x0000006ba2500000)]


Current CompileTask:
C1:10712 1611       1       java.lang.invoke.AbstractValidatingLambdaMetafactory::validateMetafactoryArgs (607 bytes)

Stack: [0x0000006ba2400000,0x0000006ba2500000]
Native frames: (J=compiled Java code, j=interpreted, Vv=VM code, C=native code)
V  [jvm.dll+0x684d39]
V  [jvm.dll+0x83a565]
V  [jvm.dll+0x83bfde]
V  [jvm.dll+0x83c663]
V  [jvm.dll+0x2490cf]
V  [jvm.dll+0xad73e]
V  [jvm.dll+0xadbdc]
V  [jvm.dll+0x11d765]
V  [jvm.dll+0x647b48]
V  [jvm.dll+0x1cedcf]
V  [jvm.dll+0x16efdb]
V  [jvm.dll+0x1738d6]
V  [jvm.dll+0x15fa6e]
V  [jvm.dll+0x14dae0]
V  [jvm.dll+0x136937]
V  [jvm.dll+0x13627f]
V  [jvm.dll+0x1364ce]
V  [jvm.dll+0x135917]
V  [jvm.dll+0x13763d]
V  [jvm.dll+0x229a6a]
V  [jvm.dll+0x227c1b]
V  [jvm.dll+0x7f0d18]
V  [jvm.dll+0x7eb17c]
V  [jvm.dll+0x683c07]
C  [ucrtbase.dll+0x2cd30]
C  [KERNEL32.DLL+0x2ccb7]
C  [ntdll.dll+0xaad6c]


---------------  P R O C E S S  ---------------

Threads class SMR info:
_java_thread_list=0x000001f145be6b40, length=14, elements={
0x000001f16a2dee00, 0x000001f17ed43260, 0x000001f17ed43e20, 0x000001f17ed57800,
0x000001f17ed581c0, 0x000001f17ed58b80, 0x000001f17ed59540, 0x000001f17ed60ff0,
0x000001f17ed64ef0, 0x000001f14514f840, 0x000001f145080300, 0x000001f145812f00,
0x000001f14580d530, 0x000001f1459a2ad0
}

Java Threads: ( => current thread )
  0x000001f16a2dee00 JavaThread "main" [_thread_in_vm, id=20004, stack(0x0000006ba1700000,0x0000006ba1800000)]
  0x000001f17ed43260 JavaThread "Reference Handler" daemon [_thread_blocked, id=7880, stack(0x0000006ba1e00000,0x0000006ba1f00000)]
  0x000001f17ed43e20 JavaThread "Finalizer" daemon [_thread_blocked, id=28168, stack(0x0000006ba1f00000,0x0000006ba2000000)]
  0x000001f17ed57800 JavaThread "Signal Dispatcher" daemon [_thread_blocked, id=11428, stack(0x0000006ba2000000,0x0000006ba2100000)]
  0x000001f17ed581c0 JavaThread "Attach Listener" daemon [_thread_blocked, id=14764, stack(0x0000006ba2100000,0x0000006ba2200000)]
  0x000001f17ed58b80 JavaThread "Service Thread" daemon [_thread_blocked, id=828, stack(0x0000006ba2200000,0x0000006ba2300000)]
  0x000001f17ed59540 JavaThread "Monitor Deflation Thread" daemon [_thread_blocked, id=33900, stack(0x0000006ba2300000,0x0000006ba2400000)]
=>0x000001f17ed60ff0 JavaThread "C1 CompilerThread0" daemon [_thread_in_native, id=14952, stack(0x0000006ba2400000,0x0000006ba2500000)]
  0x000001f17ed64ef0 JavaThread "Sweeper thread" daemon [_thread_blocked, id=700, stack(0x0000006ba2500000,0x0000006ba2600000)]
  0x000001f14514f840 JavaThread "Common-Cleaner" daemon [_thread_blocked, id=27092, stack(0x0000006ba2600000,0x0000006ba2700000)]
  0x000001f145080300 JavaThread "C1 CompilerThread1" daemon [_thread_blocked, id=18216, stack(0x0000006ba2700000,0x0000006ba2800000)]
  0x000001f145812f00 JavaThread "Monitor Ctrl-Break" daemon [_thread_in_native, id=26332, stack(0x0000006ba2900000,0x0000006ba2a00000)]
  0x000001f14580d530 JavaThread "Notification Thread" daemon [_thread_blocked, id=27620, stack(0x0000006ba2a00000,0x0000006ba2b00000)]
  0x000001f1459a2ad0 JavaThread "RMI TCP Accept-0" daemon [_thread_in_native, id=27384, stack(0x0000006ba2b00000,0x0000006ba2c00000)]

Other Threads:
  0x000001f17ed3dd20 VMThread "VM Thread" [stack: 0x0000006ba1d00000,0x0000006ba1e00000] [id=10572]
  0x000001f16a2dfa90 WatcherThread [stack: 0x0000006ba2c00000,0x0000006ba2d00000] [id=23608]
  0x000001f16a34cca0 GCTaskThread "GC Thread#0" [stack: 0x0000006ba1800000,0x0000006ba1900000] [id=35736]
  0x000001f145be8b10 GCTaskThread "GC Thread#1" [stack: 0x0000006ba2d00000,0x0000006ba2e00000] [id=8632]
  0x000001f145be8dd0 GCTaskThread "GC Thread#2" [stack: 0x0000006ba2e00000,0x0000006ba2f00000] [id=29276]
  0x000001f145bfb010 GCTaskThread "GC Thread#3" [stack: 0x0000006ba2f00000,0x0000006ba3000000] [id=17248]
  0x000001f145bfb2d0 GCTaskThread "GC Thread#4" [stack: 0x0000006ba3000000,0x0000006ba3100000] [id=25264]
  0x000001f145bfb590 GCTaskThread "GC Thread#5" [stack: 0x0000006ba3100000,0x0000006ba3200000] [id=20968]
  0x000001f145c3fb20 GCTaskThread "GC Thread#6" [stack: 0x0000006ba3200000,0x0000006ba3300000] [id=3696]
  0x000001f14a49ee40 GCTaskThread "GC Thread#7" [stack: 0x0000006ba2800000,0x0000006ba2900000] [id=17196]
  0x000001f16a19ebc0 ConcurrentGCThread "G1 Main Marker" [stack: 0x0000006ba1900000,0x0000006ba1a00000] [id=5900]
  0x000001f16a35adc0 ConcurrentGCThread "G1 Conc#0" [stack: 0x0000006ba1a00000,0x0000006ba1b00000] [id=28440]
  0x000001f17ec67d10 ConcurrentGCThread "G1 Refine#0" [stack: 0x0000006ba1b00000,0x0000006ba1c00000] [id=36092]
  0x000001f1458d5050 ConcurrentGCThread "G1 Refine#1" [stack: 0x0000006ba3300000,0x0000006ba3400000] [id=24016]
  0x000001f17ec685e0 ConcurrentGCThread "G1 Service" [stack: 0x0000006ba1c00000,0x0000006ba1d00000] [id=36636]

Threads with active compile tasks:
C1 CompilerThread0  11742 1611       1       java.lang.invoke.AbstractValidatingLambdaMetafactory::validateMetafactoryArgs (607 bytes)

VM state: not at safepoint (normal execution)

VM Mutex/Monitor currently owned by a thread:  ([mutex/lock_event])
[0x000001f16a2d8f00] Metaspace_lock - owner thread: 0x000001f16a2dee00

Heap address: 0x0000000704200000, size: 4030 MB, Compressed Oops mode: Zero based, Oop shift amount: 3

CDS archive(s) mapped at: [0x000001f104000000-0x000001f104bb0000-0x000001f104bb0000), size 12255232, SharedBaseAddress: 0x000001f104000000, ArchiveRelocationMode: 1.
Compressed class space mapped at: 0x000001f105000000-0x000001f145000000, reserved size: 1073741824
Narrow klass base: 0x000001f104000000, Narrow klass shift: 0, Narrow klass range: 0x100000000

GC Precious Log:
 CPUs: 8 total, 8 available
 Memory: 16118M
 Large Page Support: Disabled
 NUMA Support: Disabled
 Compressed Oops: Enabled (Zero based)
 Heap Region Size: 2M
 Heap Min Capacity: 8M
 Heap Initial Capacity: 252M
 Heap Max Capacity: 4030M
 Pre-touch: Disabled
 Parallel Workers: 8
 Concurrent Workers: 2
 Concurrent Refinement Workers: 8
 Periodic GC: Disabled

Heap:
 garbage-first heap   total 258048K, used 10998K [0x0000000704200000, 0x0000000800000000)
  region size 2048K, 2 young (4096K), 1 survivors (2048K)
 Metaspace       used 10052K, committed 10240K, reserved 1114112K
  class space    used 1325K, committed 1408K, reserved 1048576K

Heap Regions: E=young(eden), S=young(survivor), O=old, HS=humongous(starts), HC=humongous(continues), CS=collection set, F=free, OA=open archive, CA=closed archive, TAMS=top-at-mark-start (previous, next)
|   0|0x0000000704200000, 0x0000000704400000, 0x0000000704400000|100%| O|  |TAMS 0x0000000704200000, 0x0000000704200000| Untracked 
|   1|0x0000000704400000, 0x0000000704600000, 0x0000000704600000|100%| O|  |TAMS 0x0000000704400000, 0x0000000704400000| Untracked 
|   2|0x0000000704600000, 0x0000000704800000, 0x0000000704800000|100%| O|  |TAMS 0x0000000704600000, 0x0000000704600000| Untracked 
|   3|0x0000000704800000, 0x0000000704a00000, 0x0000000704a00000|100%| O|  |TAMS 0x0000000704800000, 0x0000000704800000| Untracked 
|   4|0x0000000704a00000, 0x0000000704b39400, 0x0000000704c00000| 61%| O|  |TAMS 0x0000000704a00000, 0x0000000704a00000| Untracked 
|   5|0x0000000704c00000, 0x0000000704c00000, 0x0000000704e00000|  0%| F|  |TAMS 0x0000000704c00000, 0x0000000704c00000| Untracked 
|   6|0x0000000704e00000, 0x0000000704e00000, 0x0000000705000000|  0%| F|  |TAMS 0x0000000704e00000, 0x0000000704e00000| Untracked 
|   7|0x0000000705000000, 0x0000000705000000, 0x0000000705200000|  0%| F|  |TAMS 0x0000000705000000, 0x0000000705000000| Untracked 
|   8|0x0000000705200000, 0x0000000705200000, 0x0000000705400000|  0%| F|  |TAMS 0x0000000705200000, 0x0000000705200000| Untracked 
|   9|0x0000000705400000, 0x0000000705400000, 0x0000000705600000|  0%| F|  |TAMS 0x0000000705400000, 0x0000000705400000| Untracked 
|  10|0x0000000705600000, 0x0000000705600000, 0x0000000705800000|  0%| F|  |TAMS 0x0000000705600000, 0x0000000705600000| Untracked 
|  11|0x0000000705800000, 0x0000000705800000, 0x0000000705a00000|  0%| F|  |TAMS 0x0000000705800000, 0x0000000705800000| Untracked 
|  12|0x0000000705a00000, 0x0000000705a00000, 0x0000000705c00000|  0%| F|  |TAMS 0x0000000705a00000, 0x0000000705a00000| Untracked 
|  13|0x0000000705c00000, 0x0000000705c00000, 0x0000000705e00000|  0%| F|  |TAMS 0x0000000705c00000, 0x0000000705c00000| Untracked 
|  14|0x0000000705e00000, 0x0000000705e00000, 0x0000000706000000|  0%| F|  |TAMS 0x0000000705e00000, 0x0000000705e00000| Untracked 
|  15|0x0000000706000000, 0x0000000706000000, 0x0000000706200000|  0%| F|  |TAMS 0x0000000706000000, 0x0000000706000000| Untracked 
|  16|0x0000000706200000, 0x0000000706200000, 0x0000000706400000|  0%| F|  |TAMS 0x0000000706200000, 0x0000000706200000| Untracked 
|  17|0x0000000706400000, 0x0000000706400000, 0x0000000706600000|  0%| F|  |TAMS 0x0000000706400000, 0x0000000706400000| Untracked 
|  18|0x0000000706600000, 0x0000000706600000, 0x0000000706800000|  0%| F|  |TAMS 0x0000000706600000, 0x0000000706600000| Untracked 
|  19|0x0000000706800000, 0x0000000706800000, 0x0000000706a00000|  0%| F|  |TAMS 0x0000000706800000, 0x0000000706800000| Untracked 
|  20|0x0000000706a00000, 0x0000000706a00000, 0x0000000706c00000|  0%| F|  |TAMS 0x0000000706a00000, 0x0000000706a00000| Untracked 
|  21|0x0000000706c00000, 0x0000000706c00000, 0x0000000706e00000|  0%| F|  |TAMS 0x0000000706c00000, 0x0000000706c00000| Untracked 
|  22|0x0000000706e00000, 0x0000000706e00000, 0x0000000707000000|  0%| F|  |TAMS 0x0000000706e00000, 0x0000000706e00000| Untracked 
|  23|0x0000000707000000, 0x0000000707000000, 0x0000000707200000|  0%| F|  |TAMS 0x0000000707000000, 0x0000000707000000| Untracked 
|  24|0x0000000707200000, 0x0000000707200000, 0x0000000707400000|  0%| F|  |TAMS 0x0000000707200000, 0x0000000707200000| Untracked 
|  25|0x0000000707400000, 0x0000000707400000, 0x0000000707600000|  0%| F|  |TAMS 0x0000000707400000, 0x0000000707400000| Untracked 
|  26|0x0000000707600000, 0x0000000707600000, 0x0000000707800000|  0%| F|  |TAMS 0x0000000707600000, 0x0000000707600000| Untracked 
|  27|0x0000000707800000, 0x0000000707800000, 0x0000000707a00000|  0%| F|  |TAMS 0x0000000707800000, 0x0000000707800000| Untracked 
|  28|0x0000000707a00000, 0x0000000707a00000, 0x0000000707c00000|  0%| F|  |TAMS 0x0000000707a00000, 0x0000000707a00000| Untracked 
|  29|0x0000000707c00000, 0x0000000707c00000, 0x0000000707e00000|  0%| F|  |TAMS 0x0000000707c00000, 0x0000000707c00000| Untracked 
|  30|0x0000000707e00000, 0x0000000707e00000, 0x0000000708000000|  0%| F|  |TAMS 0x0000000707e00000, 0x0000000707e00000| Untracked 
|  31|0x0000000708000000, 0x0000000708000000, 0x0000000708200000|  0%| F|  |TAMS 0x0000000708000000, 0x0000000708000000| Untracked 
|  32|0x0000000708200000, 0x0000000708200000, 0x0000000708400000|  0%| F|  |TAMS 0x0000000708200000, 0x0000000708200000| Untracked 
|  33|0x0000000708400000, 0x0000000708400000, 0x0000000708600000|  0%| F|  |TAMS 0x0000000708400000, 0x0000000708400000| Untracked 
|  34|0x0000000708600000, 0x0000000708600000, 0x0000000708800000|  0%| F|  |TAMS 0x0000000708600000, 0x0000000708600000| Untracked 
|  35|0x0000000708800000, 0x0000000708800000, 0x0000000708a00000|  0%| F|  |TAMS 0x0000000708800000, 0x0000000708800000| Untracked 
|  36|0x0000000708a00000, 0x0000000708a00000, 0x0000000708c00000|  0%| F|  |TAMS 0x0000000708a00000, 0x0000000708a00000| Untracked 
|  37|0x0000000708c00000, 0x0000000708c00000, 0x0000000708e00000|  0%| F|  |TAMS 0x0000000708c00000, 0x0000000708c00000| Untracked 
|  38|0x0000000708e00000, 0x0000000708e00000, 0x0000000709000000|  0%| F|  |TAMS 0x0000000708e00000, 0x0000000708e00000| Untracked 
|  39|0x0000000709000000, 0x0000000709000000, 0x0000000709200000|  0%| F|  |TAMS 0x0000000709000000, 0x0000000709000000| Untracked 
|  40|0x0000000709200000, 0x0000000709200000, 0x0000000709400000|  0%| F|  |TAMS 0x0000000709200000, 0x0000000709200000| Untracked 
|  41|0x0000000709400000, 0x0000000709400000, 0x0000000709600000|  0%| F|  |TAMS 0x0000000709400000, 0x0000000709400000| Untracked 
|  42|0x0000000709600000, 0x0000000709600000, 0x0000000709800000|  0%| F|  |TAMS 0x0000000709600000, 0x0000000709600000| Untracked 
|  43|0x0000000709800000, 0x0000000709800000, 0x0000000709a00000|  0%| F|  |TAMS 0x0000000709800000, 0x0000000709800000| Untracked 
|  44|0x0000000709a00000, 0x0000000709a00000, 0x0000000709c00000|  0%| F|  |TAMS 0x0000000709a00000, 0x0000000709a00000| Untracked 
|  45|0x0000000709c00000, 0x0000000709c00000, 0x0000000709e00000|  0%| F|  |TAMS 0x0000000709c00000, 0x0000000709c00000| Untracked 
|  46|0x0000000709e00000, 0x0000000709e00000, 0x000000070a000000|  0%| F|  |TAMS 0x0000000709e00000, 0x0000000709e00000| Untracked 
|  47|0x000000070a000000, 0x000000070a000000, 0x000000070a200000|  0%| F|  |TAMS 0x000000070a000000, 0x000000070a000000| Untracked 
|  48|0x000000070a200000, 0x000000070a200000, 0x000000070a400000|  0%| F|  |TAMS 0x000000070a200000, 0x000000070a200000| Untracked 
|  49|0x000000070a400000, 0x000000070a400000, 0x000000070a600000|  0%| F|  |TAMS 0x000000070a400000, 0x000000070a400000| Untracked 
|  50|0x000000070a600000, 0x000000070a600000, 0x000000070a800000|  0%| F|  |TAMS 0x000000070a600000, 0x000000070a600000| Untracked 
|  51|0x000000070a800000, 0x000000070a800000, 0x000000070aa00000|  0%| F|  |TAMS 0x000000070a800000, 0x000000070a800000| Untracked 
|  52|0x000000070aa00000, 0x000000070aa00000, 0x000000070ac00000|  0%| F|  |TAMS 0x000000070aa00000, 0x000000070aa00000| Untracked 
|  53|0x000000070ac00000, 0x000000070ac00000, 0x000000070ae00000|  0%| F|  |TAMS 0x000000070ac00000, 0x000000070ac00000| Untracked 
|  54|0x000000070ae00000, 0x000000070ae00000, 0x000000070b000000|  0%| F|  |TAMS 0x000000070ae00000, 0x000000070ae00000| Untracked 
|  55|0x000000070b000000, 0x000000070b000000, 0x000000070b200000|  0%| F|  |TAMS 0x000000070b000000, 0x000000070b000000| Untracked 
|  56|0x000000070b200000, 0x000000070b200000, 0x000000070b400000|  0%| F|  |TAMS 0x000000070b200000, 0x000000070b200000| Untracked 
|  57|0x000000070b400000, 0x000000070b400000, 0x000000070b600000|  0%| F|  |TAMS 0x000000070b400000, 0x000000070b400000| Untracked 
|  58|0x000000070b600000, 0x000000070b600000, 0x000000070b800000|  0%| F|  |TAMS 0x000000070b600000, 0x000000070b600000| Untracked 
|  59|0x000000070b800000, 0x000000070b800000, 0x000000070ba00000|  0%| F|  |TAMS 0x000000070b800000, 0x000000070b800000| Untracked 
|  60|0x000000070ba00000, 0x000000070ba00000, 0x000000070bc00000|  0%| F|  |TAMS 0x000000070ba00000, 0x000000070ba00000| Untracked 
|  61|0x000000070bc00000, 0x000000070bc00000, 0x000000070be00000|  0%| F|  |TAMS 0x000000070bc00000, 0x000000070bc00000| Untracked 
|  62|0x000000070be00000, 0x000000070be00000, 0x000000070c000000|  0%| F|  |TAMS 0x000000070be00000, 0x000000070be00000| Untracked 
|  63|0x000000070c000000, 0x000000070c000000, 0x000000070c200000|  0%| F|  |TAMS 0x000000070c000000, 0x000000070c000000| Untracked 
|  64|0x000000070c200000, 0x000000070c200000, 0x000000070c400000|  0%| F|  |TAMS 0x000000070c200000, 0x000000070c200000| Untracked 
|  65|0x000000070c400000, 0x000000070c400000, 0x000000070c600000|  0%| F|  |TAMS 0x000000070c400000, 0x000000070c400000| Untracked 
|  66|0x000000070c600000, 0x000000070c600000, 0x000000070c800000|  0%| F|  |TAMS 0x000000070c600000, 0x000000070c600000| Untracked 
|  67|0x000000070c800000, 0x000000070c800000, 0x000000070ca00000|  0%| F|  |TAMS 0x000000070c800000, 0x000000070c800000| Untracked 
|  68|0x000000070ca00000, 0x000000070ca00000, 0x000000070cc00000|  0%| F|  |TAMS 0x000000070ca00000, 0x000000070ca00000| Untracked 
|  69|0x000000070cc00000, 0x000000070cc00000, 0x000000070ce00000|  0%| F|  |TAMS 0x000000070cc00000, 0x000000070cc00000| Untracked 
|  70|0x000000070ce00000, 0x000000070ce00000, 0x000000070d000000|  0%| F|  |TAMS 0x000000070ce00000, 0x000000070ce00000| Untracked 
|  71|0x000000070d000000, 0x000000070d000000, 0x000000070d200000|  0%| F|  |TAMS 0x000000070d000000, 0x000000070d000000| Untracked 
|  72|0x000000070d200000, 0x000000070d200000, 0x000000070d400000|  0%| F|  |TAMS 0x000000070d200000, 0x000000070d200000| Untracked 
|  73|0x000000070d400000, 0x000000070d400000, 0x000000070d600000|  0%| F|  |TAMS 0x000000070d400000, 0x000000070d400000| Untracked 
|  74|0x000000070d600000, 0x000000070d600000, 0x000000070d800000|  0%| F|  |TAMS 0x000000070d600000, 0x000000070d600000| Untracked 
|  75|0x000000070d800000, 0x000000070d800000, 0x000000070da00000|  0%| F|  |TAMS 0x000000070d800000, 0x000000070d800000| Untracked 
|  76|0x000000070da00000, 0x000000070da00000, 0x000000070dc00000|  0%| F|  |TAMS 0x000000070da00000, 0x000000070da00000| Untracked 
|  77|0x000000070dc00000, 0x000000070dc00000, 0x000000070de00000|  0%| F|  |TAMS 0x000000070dc00000, 0x000000070dc00000| Untracked 
|  78|0x000000070de00000, 0x000000070de00000, 0x000000070e000000|  0%| F|  |TAMS 0x000000070de00000, 0x000000070de00000| Untracked 
|  79|0x000000070e000000, 0x000000070e000000, 0x000000070e200000|  0%| F|  |TAMS 0x000000070e000000, 0x000000070e000000| Untracked 
|  80|0x000000070e200000, 0x000000070e200000, 0x000000070e400000|  0%| F|  |TAMS 0x000000070e200000, 0x000000070e200000| Untracked 
|  81|0x000000070e400000, 0x000000070e400000, 0x000000070e600000|  0%| F|  |TAMS 0x000000070e400000, 0x000000070e400000| Untracked 
|  82|0x000000070e600000, 0x000000070e600000, 0x000000070e800000|  0%| F|  |TAMS 0x000000070e600000, 0x000000070e600000| Untracked 
|  83|0x000000070e800000, 0x000000070e800000, 0x000000070ea00000|  0%| F|  |TAMS 0x000000070e800000, 0x000000070e800000| Untracked 
|  84|0x000000070ea00000, 0x000000070ea00000, 0x000000070ec00000|  0%| F|  |TAMS 0x000000070ea00000, 0x000000070ea00000| Untracked 
|  85|0x000000070ec00000, 0x000000070ec00000, 0x000000070ee00000|  0%| F|  |TAMS 0x000000070ec00000, 0x000000070ec00000| Untracked 
|  86|0x000000070ee00000, 0x000000070ee00000, 0x000000070f000000|  0%| F|  |TAMS 0x000000070ee00000, 0x000000070ee00000| Untracked 
|  87|0x000000070f000000, 0x000000070f000000, 0x000000070f200000|  0%| F|  |TAMS 0x000000070f000000, 0x000000070f000000| Untracked 
|  88|0x000000070f200000, 0x000000070f200000, 0x000000070f400000|  0%| F|  |TAMS 0x000000070f200000, 0x000000070f200000| Untracked 
|  89|0x000000070f400000, 0x000000070f400000, 0x000000070f600000|  0%| F|  |TAMS 0x000000070f400000, 0x000000070f400000| Untracked 
|  90|0x000000070f600000, 0x000000070f600000, 0x000000070f800000|  0%| F|  |TAMS 0x000000070f600000, 0x000000070f600000| Untracked 
|  91|0x000000070f800000, 0x000000070f800000, 0x000000070fa00000|  0%| F|  |TAMS 0x000000070f800000, 0x000000070f800000| Untracked 
|  92|0x000000070fa00000, 0x000000070fa00000, 0x000000070fc00000|  0%| F|  |TAMS 0x000000070fa00000, 0x000000070fa00000| Untracked 
|  93|0x000000070fc00000, 0x000000070fc00000, 0x000000070fe00000|  0%| F|  |TAMS 0x000000070fc00000, 0x000000070fc00000| Untracked 
|  94|0x000000070fe00000, 0x000000070fe00000, 0x0000000710000000|  0%| F|  |TAMS 0x000000070fe00000, 0x000000070fe00000| Untracked 
|  95|0x0000000710000000, 0x0000000710000000, 0x0000000710200000|  0%| F|  |TAMS 0x0000000710000000, 0x0000000710000000| Untracked 
|  96|0x0000000710200000, 0x0000000710200000, 0x0000000710400000|  0%| F|  |TAMS 0x0000000710200000, 0x0000000710200000| Untracked 
|  97|0x0000000710400000, 0x0000000710400000, 0x0000000710600000|  0%| F|  |TAMS 0x0000000710400000, 0x0000000710400000| Untracked 
|  98|0x0000000710600000, 0x0000000710600000, 0x0000000710800000|  0%| F|  |TAMS 0x0000000710600000, 0x0000000710600000| Untracked 
|  99|0x0000000710800000, 0x0000000710800000, 0x0000000710a00000|  0%| F|  |TAMS 0x0000000710800000, 0x0000000710800000| Untracked 
| 100|0x0000000710a00000, 0x0000000710a00000, 0x0000000710c00000|  0%| F|  |TAMS 0x0000000710a00000, 0x0000000710a00000| Untracked 
| 101|0x0000000710c00000, 0x0000000710c00000, 0x0000000710e00000|  0%| F|  |TAMS 0x0000000710c00000, 0x0000000710c00000| Untracked 
| 102|0x0000000710e00000, 0x0000000710e00000, 0x0000000711000000|  0%| F|  |TAMS 0x0000000710e00000, 0x0000000710e00000| Untracked 
| 103|0x0000000711000000, 0x0000000711000000, 0x0000000711200000|  0%| F|  |TAMS 0x0000000711000000, 0x0000000711000000| Untracked 
| 104|0x0000000711200000, 0x0000000711200000, 0x0000000711400000|  0%| F|  |TAMS 0x0000000711200000, 0x0000000711200000| Untracked 
| 105|0x0000000711400000, 0x0000000711400000, 0x0000000711600000|  0%| F|  |TAMS 0x0000000711400000, 0x0000000711400000| Untracked 
| 106|0x0000000711600000, 0x0000000711600000, 0x0000000711800000|  0%| F|  |TAMS 0x0000000711600000, 0x0000000711600000| Untracked 
| 107|0x0000000711800000, 0x0000000711800000, 0x0000000711a00000|  0%| F|  |TAMS 0x0000000711800000, 0x0000000711800000| Untracked 
| 108|0x0000000711a00000, 0x0000000711a00000, 0x0000000711c00000|  0%| F|  |TAMS 0x0000000711a00000, 0x0000000711a00000| Untracked 
| 109|0x0000000711c00000, 0x0000000711c00000, 0x0000000711e00000|  0%| F|  |TAMS 0x0000000711c00000, 0x0000000711c00000| Untracked 
| 110|0x0000000711e00000, 0x0000000711e00000, 0x0000000712000000|  0%| F|  |TAMS 0x0000000711e00000, 0x0000000711e00000| Untracked 
| 111|0x0000000712000000, 0x0000000712000000, 0x0000000712200000|  0%| F|  |TAMS 0x0000000712000000, 0x0000000712000000| Untracked 
| 112|0x0000000712200000, 0x0000000712200000, 0x0000000712400000|  0%| F|  |TAMS 0x0000000712200000, 0x0000000712200000| Untracked 
| 113|0x0000000712400000, 0x0000000712400000, 0x0000000712600000|  0%| F|  |TAMS 0x0000000712400000, 0x0000000712400000| Untracked 
| 114|0x0000000712600000, 0x0000000712600000, 0x0000000712800000|  0%| F|  |TAMS 0x0000000712600000, 0x0000000712600000| Untracked 
| 115|0x0000000712800000, 0x0000000712800000, 0x0000000712a00000|  0%| F|  |TAMS 0x0000000712800000, 0x0000000712800000| Untracked 
| 116|0x0000000712a00000, 0x0000000712a00000, 0x0000000712c00000|  0%| F|  |TAMS 0x0000000712a00000, 0x0000000712a00000| Untracked 
| 117|0x0000000712c00000, 0x0000000712d84548, 0x0000000712e00000| 75%| S|CS|TAMS 0x0000000712c00000, 0x0000000712c00000| Complete 
| 118|0x0000000712e00000, 0x0000000712e00000, 0x0000000713000000|  0%| F|  |TAMS 0x0000000712e00000, 0x0000000712e00000| Untracked 
| 119|0x0000000713000000, 0x0000000713000000, 0x0000000713200000|  0%| F|  |TAMS 0x0000000713000000, 0x0000000713000000| Untracked 
| 120|0x0000000713200000, 0x0000000713200000, 0x0000000713400000|  0%| F|  |TAMS 0x0000000713200000, 0x0000000713200000| Untracked 
| 121|0x0000000713400000, 0x0000000713400000, 0x0000000713600000|  0%| F|  |TAMS 0x0000000713400000, 0x0000000713400000| Untracked 
| 122|0x0000000713600000, 0x0000000713600000, 0x0000000713800000|  0%| F|  |TAMS 0x0000000713600000, 0x0000000713600000| Untracked 
| 123|0x0000000713800000, 0x0000000713800000, 0x0000000713a00000|  0%| F|  |TAMS 0x0000000713800000, 0x0000000713800000| Untracked 
| 124|0x0000000713a00000, 0x0000000713a00000, 0x0000000713c00000|  0%| F|  |TAMS 0x0000000713a00000, 0x0000000713a00000| Untracked 
| 125|0x0000000713c00000, 0x0000000713d1dbe8, 0x0000000713e00000| 55%| E|  |TAMS 0x0000000713c00000, 0x0000000713c00000| Complete 

Card table byte_map: [0x000001f1776e0000,0x000001f177ec0000] _byte_map_base: 0x000001f173ebf000

Marking Bits (Prev, Next): (CMBitMap*) 0x000001f16a34d2c0, (CMBitMap*) 0x000001f16a34d300
 Prev Bits: [0x000001f1786a0000, 0x000001f17c598000)
 Next Bits: [0x000001f100000000, 0x000001f103ef8000)

Polling page: 0x000001f16a380000

Metaspace:

Usage:
  Non-class:      8.52 MB used.
      Class:      1.29 MB used.
       Both:      9.82 MB used.

Virtual space:
  Non-class space:       64.00 MB reserved,       8.62 MB ( 13%) committed,  1 nodes.
      Class space:        1.00 GB reserved,       1.38 MB ( <1%) committed,  1 nodes.
             Both:        1.06 GB reserved,      10.00 MB ( <1%) committed. 

Chunk freelists:
   Non-Class:  7.11 MB
       Class:  14.58 MB
        Both:  21.69 MB

MaxMetaspaceSize: unlimited
CompressedClassSpaceSize: 1.00 GB
Initial GC threshold: 21.00 MB
Current GC threshold: 21.00 MB
CDS: on
MetaspaceReclaimPolicy: balanced
 - commit_granule_bytes: 65536.
 - commit_granule_words: 8192.
 - virtual_space_node_default_size: 8388608.
 - enlarge_chunks_in_place: 1.
 - new_chunks_are_fully_committed: 0.
 - uncommit_free_chunks: 1.
 - use_allocation_guard: 0.
 - handle_deallocations: 1.


Internal statistics:

num_allocs_failed_limit: 0.
num_arena_births: 202.
num_arena_deaths: 0.
num_vsnodes_births: 2.
num_vsnodes_deaths: 0.
num_space_committed: 160.
num_space_uncommitted: 0.
num_chunks_returned_to_freelist: 0.
num_chunks_taken_from_freelist: 451.
num_chunk_merges: 0.
num_chunk_splits: 282.
num_chunks_enlarged: 197.
num_inconsistent_stats: 0.

CodeCache: size=49152Kb used=4088Kb max_used=4115Kb free=45063Kb
 bounds [0x000001f173680000, 0x000001f173a90000, 0x000001f176680000]
 total_blobs=2064 nmethods=1608 adapters=383
 compilation: enabled
              stopped_count=0, restarted_count=0
 full_count=0

Compilation events (20 events):
Event: 8.695 Thread 0x000001f145080300 1596       1       java.util.ArrayDeque$DeqIterator::hasNext (13 bytes)
Event: 8.695 Thread 0x000001f145080300 nmethod 1596 0x000001f173844510 code [0x000001f1738446a0, 0x000001f173844778]
Event: 8.695 Thread 0x000001f145080300 1597       1       java.lang.Character::getType (9 bytes)
Event: 8.695 Thread 0x000001f17ed60ff0 1598       1       java.lang.CharacterDataLatin1::getType (11 bytes)
Event: 8.695 Thread 0x000001f145080300 nmethod 1597 0x000001f173844190 code [0x000001f173844340, 0x000001f173844438]
Event: 8.695 Thread 0x000001f17ed60ff0 nmethod 1598 0x000001f173843e10 code [0x000001f173843fa0, 0x000001f173844098]
Event: 8.696 Thread 0x000001f145080300 1599       1       java.net.URI$Parser::scan (76 bytes)
Event: 8.697 Thread 0x000001f145080300 nmethod 1599 0x000001f173843610 code [0x000001f1738437e0, 0x000001f173843b58]
Event: 8.697 Thread 0x000001f145080300 1600       1       java.util.ArrayDeque::size (17 bytes)
Event: 8.697 Thread 0x000001f17ed60ff0 1601       1       java.util.ArrayDeque::sub (14 bytes)
Event: 8.697 Thread 0x000001f17ed60ff0 nmethod 1601 0x000001f173843310 code [0x000001f1738434a0, 0x000001f173843558]
Event: 8.697 Thread 0x000001f145080300 nmethod 1600 0x000001f173843010 code [0x000001f1738431a0, 0x000001f173843298]
Event: 8.698 Thread 0x000001f17ed60ff0 1603       1       java.lang.invoke.InfoFromMemberName::getName (8 bytes)
Event: 8.698 Thread 0x000001f145080300 1604       1       java.lang.invoke.InfoFromMemberName::getMethodType (8 bytes)
Event: 8.699 Thread 0x000001f145080300 nmethod 1604 0x000001f173842790 code [0x000001f173842940, 0x000001f173842a28]
Event: 8.699 Thread 0x000001f17ed60ff0 nmethod 1603 0x000001f173842390 code [0x000001f173842540, 0x000001f1738426c8]
Event: 8.699 Thread 0x000001f145080300 1605       1       java.lang.invoke.InfoFromMemberName::getModifiers (8 bytes)
Event: 8.699 Thread 0x000001f145080300 nmethod 1605 0x000001f173842090 code [0x000001f173842220, 0x000001f1738422f8]
Event: 8.700 Thread 0x000001f145080300 1606       1       java.lang.invoke.InnerClassLambdaMetafactory::<init> (258 bytes)
Event: 8.700 Thread 0x000001f17ed60ff0 1611       1       java.lang.invoke.AbstractValidatingLambdaMetafactory::validateMetafactoryArgs (607 bytes)

GC Heap History (4 events):
Event: 0.768 GC heap before
{Heap before GC invocations=0 (full 0):
 garbage-first heap   total 258048K, used 20480K [0x0000000704200000, 0x0000000800000000)
  region size 2048K, 11 young (22528K), 0 survivors (0K)
 Metaspace       used 6296K, committed 6528K, reserved 1114112K
  class space    used 792K, committed 896K, reserved 1048576K
}
Event: 0.772 GC heap after
{Heap after GC invocations=1 (full 0):
 garbage-first heap   total 258048K, used 9931K [0x0000000704200000, 0x0000000800000000)
  region size 2048K, 2 young (4096K), 2 survivors (4096K)
 Metaspace       used 6296K, committed 6528K, reserved 1114112K
  class space    used 792K, committed 896K, reserved 1048576K
}
Event: 4.221 GC heap before
{Heap before GC invocations=1 (full 0):
 garbage-first heap   total 258048K, used 26315K [0x0000000704200000, 0x0000000800000000)
  region size 2048K, 10 young (20480K), 2 survivors (4096K)
 Metaspace       used 9894K, committed 10112K, reserved 1114112K
  class space    used 1294K, committed 1408K, reserved 1048576K
}
Event: 6.658 GC heap after
{Heap after GC invocations=2 (full 0):
 garbage-first heap   total 258048K, used 10998K [0x0000000704200000, 0x0000000800000000)
  region size 2048K, 1 young (2048K), 1 survivors (2048K)
 Metaspace       used 9894K, committed 10112K, reserved 1114112K
  class space    used 1294K, committed 1408K, reserved 1048576K
}

Dll operation events (11 events):
Event: 0.014 Loaded shared library E:\JDK17\bin\java.dll
Event: 0.032 Loaded shared library E:\JDK17\bin\jsvml.dll
Event: 0.163 Loaded shared library E:\JDK17\bin\zip.dll
Event: 0.169 Loaded shared library E:\JDK17\bin\instrument.dll
Event: 0.176 Loaded shared library E:\JDK17\bin\net.dll
Event: 0.178 Loaded shared library E:\JDK17\bin\nio.dll
Event: 0.181 Loaded shared library E:\JDK17\bin\zip.dll
Event: 0.292 Loaded shared library E:\JDK17\bin\jimage.dll
Event: 0.301 Loaded shared library E:\JDK17\bin\extnet.dll
Event: 0.318 Loaded shared library E:\JDK17\bin\management.dll
Event: 0.338 Loaded shared library E:\JDK17\bin\management_ext.dll

Deoptimization events (0 events):
No events

Classes loaded (20 events):
Event: 3.128 Loading class java/util/stream/MatchOps$MatchKind
Event: 3.128 Loading class java/util/stream/MatchOps$MatchKind done
Event: 3.128 Loading class java/util/stream/MatchOps
Event: 3.128 Loading class java/util/stream/MatchOps done
Event: 3.128 Loading class java/util/stream/MatchOps$MatchOp
Event: 3.128 Loading class java/util/stream/MatchOps$MatchOp done
Event: 3.128 Loading class java/util/stream/MatchOps$BooleanTerminalSink
Event: 3.128 Loading class java/util/stream/MatchOps$BooleanTerminalSink done
Event: 3.128 Loading class java/util/stream/MatchOps$2MatchSink
Event: 3.129 Loading class java/util/stream/MatchOps$2MatchSink done
Event: 3.145 Loading class java/beans/PropertyEditorSupport
Event: 3.146 Loading class java/beans/PropertyEditor
Event: 3.146 Loading class java/beans/PropertyEditor done
Event: 3.146 Loading class java/beans/PropertyEditorSupport done
Event: 4.210 Loading class java/util/stream/StreamSpliterators$WrappingSpliterator
Event: 4.210 Loading class java/util/stream/StreamSpliterators$AbstractWrappingSpliterator
Event: 4.210 Loading class java/util/stream/StreamSpliterators$AbstractWrappingSpliterator done
Event: 4.210 Loading class java/util/stream/StreamSpliterators$WrappingSpliterator done
Event: 4.210 Loading class java/util/stream/StreamSpliterators
Event: 4.210 Loading class java/util/stream/StreamSpliterators done

Classes unloaded (0 events):
No events

Classes redefined (0 events):
No events

Internal exceptions (20 events):
Event: 2.996 Thread 0x000001f16a2dee00 Exception <a 'java/lang/NoSuchMethodError'{0x00000007137394a0}: 'int java.lang.invoke.DirectMethodHandle$Holder.invokeStaticInit(java.lang.Object, java.lang.Object, java.lang.Object)'> (0x00000007137394a0) 
thrown [s\src\hotspot\share\interpreter\linkResolver.cpp, line 759]
Event: 3.000 Thread 0x000001f16a2dee00 Exception <a 'java/lang/NoSuchMethodError'{0x00000007137858d8}: 'java.lang.Object java.lang.invoke.DirectMethodHandle$Holder.newInvokeSpecial(java.lang.Object, java.lang.Object, java.lang.Object, java.lang.Object, java.lang.Object)'> (0x00000007137858d8) 
thrown [s\src\hotspot\share\interpreter\linkResolver.cpp, line 759]
Event: 3.016 Thread 0x000001f16a2dee00 Exception <a 'java/lang/IncompatibleClassChangeError'{0x00000007134430b8}: Found class java.lang.Object, but interface was expected> (0x00000007134430b8) 
thrown [s\src\hotspot\share\interpreter\linkResolver.cpp, line 826]
Event: 3.033 Thread 0x000001f16a2dee00 Exception <a 'sun/nio/fs/WindowsException'{0x00000007134ed978}> (0x00000007134ed978) 
thrown [s\src\hotspot\share\prims\jni.cpp, line 516]
Event: 3.056 Thread 0x000001f16a2dee00 Exception <a 'java/lang/NoSuchMethodError'{0x0000000713226048}: 'java.lang.Object java.lang.invoke.Invokers$Holder.invokeExact_MT(java.lang.Object, java.lang.Object, java.lang.Object, java.lang.Object, java.lang.Object, java.lang.Object)'> (0x0000000713226048) 
thrown [s\src\hotspot\share\interpreter\linkResolver.cpp, line 759]
Event: 3.098 Thread 0x000001f16a2dee00 Exception <a 'java/lang/NoSuchMethodError'{0x00000007133c4298}: 'java.lang.Object java.lang.invoke.DirectMethodHandle$Holder.invokeStatic(java.lang.Object, java.lang.Object, long, java.lang.Object)'> (0x00000007133c4298) 
thrown [s\src\hotspot\share\interpreter\linkResolver.cpp, line 759]
Event: 3.099 Thread 0x000001f16a2dee00 Exception <a 'java/lang/NoSuchMethodError'{0x00000007133c7a88}: 'java.lang.Object java.lang.invoke.DirectMethodHandle$Holder.invokeStaticInit(java.lang.Object, java.lang.Object, long, java.lang.Object)'> (0x00000007133c7a88) 
thrown [s\src\hotspot\share\interpreter\linkResolver.cpp, line 759]
Event: 3.099 Thread 0x000001f16a2dee00 Exception <a 'java/lang/NoSuchMethodError'{0x00000007133cddf0}: 'java.lang.Object java.lang.invoke.DirectMethodHandle$Holder.newInvokeSpecial(java.lang.Object, java.lang.Object, long)'> (0x00000007133cddf0) 
thrown [s\src\hotspot\share\interpreter\linkResolver.cpp, line 759]
Event: 3.099 Thread 0x000001f16a2dee00 Exception <a 'java/lang/NoSuchMethodError'{0x00000007133d1960}: 'java.lang.Object java.lang.invoke.Invokers$Holder.linkToTargetMethod(java.lang.Object, long, java.lang.Object)'> (0x00000007133d1960) 
thrown [s\src\hotspot\share\interpreter\linkResolver.cpp, line 759]
Event: 3.122 Thread 0x000001f16a2dee00 Exception <a 'java/lang/NoSuchMethodError'{0x000000071309e1b0}: 'void java.lang.invoke.DirectMethodHandle$Holder.invokeStaticInit(java.lang.Object)'> (0x000000071309e1b0) 
thrown [s\src\hotspot\share\interpreter\linkResolver.cpp, line 759]
Event: 4.193 Thread 0x000001f16a2dee00 Exception <a 'java/lang/NoSuchMethodError'{0x0000000712e64020}: 'void java.lang.invoke.DirectMethodHandle$Holder.invokeSpecial(java.lang.Object, java.lang.Object, java.lang.Object)'> (0x0000000712e64020) 
thrown [s\src\hotspot\share\interpreter\linkResolver.cpp, line 759]
Event: 4.197 Thread 0x000001f16a2dee00 Exception <a 'java/lang/NoSuchMethodError'{0x0000000712e8aa18}: 'java.lang.Object java.lang.invoke.DirectMethodHandle$Holder.newInvokeSpecial(java.lang.Object, java.lang.Object, java.lang.Object, java.lang.Object, java.lang.Object, java.lang.Object, java.lang.Object)'> (0x0000000712e8aa18) 
thrown [s\src\hotspot\share\interpreter\linkResolver.cpp, line 759]
Event: 4.197 Thread 0x000001f16a2dee00 Exception <a 'java/lang/NoSuchMethodError'{0x0000000712e8f328}: 'java.lang.Object java.lang.invoke.Invokers$Holder.linkToTargetMethod(java.lang.Object, java.lang.Object, java.lang.Object, java.lang.Object, java.lang.Object, java.lang.Object, java.lang.Object)'> (0x0000000712e8f328) 
thrown [s\src\hotspot\share\interpreter\linkResolver.cpp, line 759]
Event: 4.199 Thread 0x000001f16a2dee00 Exception <a 'java/lang/NoSuchMethodError'{0x0000000712eac258}: 'void java.lang.invoke.DirectMethodHandle$Holder.invokeStaticInit(java.lang.Object, java.lang.Object)'> (0x0000000712eac258) 
thrown [s\src\hotspot\share\interpreter\linkResolver.cpp, line 759]
Event: 4.201 Thread 0x000001f16a2dee00 Exception <a 'java/lang/NoSuchMethodError'{0x0000000712ed0a00}: 'void java.lang.invoke.DirectMethodHandle$Holder.invokeInterface(java.lang.Object, java.lang.Object)'> (0x0000000712ed0a00) 
thrown [s\src\hotspot\share\interpreter\linkResolver.cpp, line 759]
Event: 4.204 Thread 0x000001f16a2dee00 Exception <a 'java/lang/NoSuchMethodError'{0x0000000712eff0e0}: 'int java.lang.invoke.DirectMethodHandle$Holder.invokeStatic(java.lang.Object, java.lang.Object, java.lang.Object, java.lang.Object)'> (0x0000000712eff0e0) 
thrown [s\src\hotspot\share\interpreter\linkResolver.cpp, line 759]
Event: 4.210 Thread 0x000001f16a2dee00 Exception <a 'java/lang/NoSuchMethodError'{0x0000000712f5e0b0}: 'java.lang.Object java.lang.invoke.DirectMethodHandle$Holder.invokeSpecial(java.lang.Object, java.lang.Object, java.lang.Object, java.lang.Object, java.lang.Object, java.lang.Object, int)'> (0x0000000712f5e0b0) 
thrown [s\src\hotspot\share\interpreter\linkResolver.cpp, line 759]
Event: 4.211 Thread 0x000001f16a2dee00 Exception <a 'java/lang/NoSuchMethodError'{0x0000000712f68618}: 'java.lang.Object java.lang.invoke.DirectMethodHandle$Holder.newInvokeSpecial(java.lang.Object, java.lang.Object, java.lang.Object, java.lang.Object, java.lang.Object, java.lang.Object, int)'> (0x0000000712f68618) 
thrown [s\src\hotspot\share\interpreter\linkResolver.cpp, line 759]
Event: 4.211 Thread 0x000001f16a2dee00 Exception <a 'java/lang/NoSuchMethodError'{0x0000000712f6d658}: 'java.lang.Object java.lang.invoke.DirectMethodHandle$Holder.invokeSpecial(java.lang.Object, java.lang.Object, java.lang.Object, java.lang.Object, java.lang.Object, java.lang.Object, java.lang.Object, int)'> (0x0000000712f6d658) 
thrown [s\src\hotspot\share\interpreter\linkResolver.cpp, line 759]
Event: 8.700 Thread 0x000001f16a2dee00 Exception <a 'java/lang/NoSuchMethodError'{0x0000000713ce1e58}: 'void java.lang.invoke.DirectMethodHandle$Holder.invokeSpecial(java.lang.Object, java.lang.Object, java.lang.Object, java.lang.Object, java.lang.Object)'> (0x0000000713ce1e58) 
thrown [s\src\hotspot\share\interpreter\linkResolver.cpp, line 759]

VM Operations (20 events):
Event: 0.592 Executing VM operation: HandshakeAllThreads
Event: 0.592 Executing VM operation: HandshakeAllThreads done
Event: 0.640 Executing VM operation: HandshakeAllThreads
Event: 0.640 Executing VM operation: HandshakeAllThreads done
Event: 0.676 Executing VM operation: HandshakeAllThreads
Event: 0.676 Executing VM operation: HandshakeAllThreads done
Event: 0.701 Executing VM operation: HandshakeAllThreads
Event: 0.701 Executing VM operation: HandshakeAllThreads done
Event: 0.767 Executing VM operation: G1CollectForAllocation
Event: 0.772 Executing VM operation: G1CollectForAllocation done
Event: 1.772 Executing VM operation: Cleanup
Event: 1.835 Executing VM operation: Cleanup done
Event: 2.849 Executing VM operation: Cleanup
Event: 2.911 Executing VM operation: Cleanup done
Event: 3.921 Executing VM operation: Cleanup
Event: 4.171 Executing VM operation: Cleanup done
Event: 4.221 Executing VM operation: G1CollectForAllocation
Event: 6.658 Executing VM operation: G1CollectForAllocation done
Event: 8.680 Executing VM operation: Cleanup
Event: 8.680 Executing VM operation: Cleanup done

Memory protections (0 events):
No events

Nmethod flushes (0 events):
No events

Events (16 events):
Event: 0.033 Thread 0x000001f16a2dee00 Thread added: 0x000001f16a2dee00
Event: 0.035 Thread 0x000001f16a2dee00 Thread added: 0x000001f17ed43260
Event: 0.035 Thread 0x000001f16a2dee00 Thread added: 0x000001f17ed43e20
Event: 0.045 Thread 0x000001f16a2dee00 Thread added: 0x000001f17ed57800
Event: 0.045 Thread 0x000001f16a2dee00 Thread added: 0x000001f17ed581c0
Event: 0.045 Thread 0x000001f16a2dee00 Thread added: 0x000001f17ed58b80
Event: 0.045 Thread 0x000001f16a2dee00 Thread added: 0x000001f17ed59540
Event: 0.045 Thread 0x000001f16a2dee00 Thread added: 0x000001f17ed60ff0
Event: 0.046 Thread 0x000001f16a2dee00 Thread added: 0x000001f17ed64ef0
Event: 0.149 Thread 0x000001f16a2dee00 Thread added: 0x000001f14514f840
Event: 0.154 Thread 0x000001f17ed60ff0 Thread added: 0x000001f145080300
Event: 0.155 Thread 0x000001f17ed60ff0 Thread added: 0x000001f145080820
Event: 0.285 Thread 0x000001f16a2dee00 Thread added: 0x000001f145812f00
Event: 0.286 Thread 0x000001f16a2dee00 Thread added: 0x000001f14580d530
Event: 0.582 Thread 0x000001f16a2dee00 Thread added: 0x000001f1459a2ad0
Event: 2.926 Thread 0x000001f145080820 Thread exited: 0x000001f145080820


Dynamic libraries:
0x00007ff792610000 - 0x00007ff79261e000 	E:\JDK17\bin\java.exe
0x00007ff825f40000 - 0x00007ff8261a6000 	C:\WINDOWS\SYSTEM32\ntdll.dll
0x00007ff824ff0000 - 0x00007ff8250b9000 	C:\WINDOWS\System32\KERNEL32.DLL
0x00007ff823640000 - 0x00007ff823a3f000 	C:\WINDOWS\System32\KERNELBASE.dll
0x00007ff8234e0000 - 0x00007ff82362c000 	C:\WINDOWS\System32\ucrtbase.dll
0x00007ff80f430000 - 0x00007ff80f448000 	E:\JDK17\bin\jli.dll
0x00007ff80f450000 - 0x00007ff80f46e000 	E:\JDK17\bin\VCRUNTIME140.dll
0x00007ff825c90000 - 0x00007ff825e56000 	C:\WINDOWS\System32\USER32.dll
0x00007ff807030000 - 0x00007ff8072c1000 	C:\WINDOWS\WinSxS\amd64_microsoft.windows.common-controls_6595b64144ccf1df_6.0.26100.8972_none_3e0da176e32f9d4b\COMCTL32.dll
0x00007ff823150000 - 0x00007ff823177000 	C:\WINDOWS\System32\win32u.dll
0x00007ff825410000 - 0x00007ff8254b9000 	C:\WINDOWS\System32\msvcrt.dll
0x00007ff825a00000 - 0x00007ff825a2b000 	C:\WINDOWS\System32\GDI32.dll
0x00007ff823180000 - 0x00007ff8232a9000 	C:\WINDOWS\System32\gdi32full.dll
0x00007ff823430000 - 0x00007ff8234d3000 	C:\WINDOWS\System32\msvcp_win.dll
0x00007ff8254c0000 - 0x00007ff8254f2000 	C:\WINDOWS\System32\IMM32.DLL
0x00007ff80f420000 - 0x00007ff80f42c000 	E:\JDK17\bin\vcruntime140_1.dll
0x00007fffe5710000 - 0x00007fffe579d000 	E:\JDK17\bin\msvcp140.dll
0x00007fff8c930000 - 0x00007fff8d59c000 	E:\JDK17\bin\server\jvm.dll
0x00007ff825260000 - 0x00007ff82531c000 	C:\WINDOWS\System32\ADVAPI32.dll
0x00007ff823c70000 - 0x00007ff823d1a000 	C:\WINDOWS\System32\sechost.dll
0x00007ff8258b0000 - 0x00007ff8259c8000 	C:\WINDOWS\System32\RPCRT4.dll
0x00007ff824bd0000 - 0x00007ff824c52000 	C:\WINDOWS\System32\WS2_32.dll
0x00007ff822fb0000 - 0x00007ff82300e000 	C:\WINDOWS\SYSTEM32\POWRPROF.dll
0x00007ff81f9f0000 - 0x00007ff81fa26000 	C:\WINDOWS\SYSTEM32\WINMM.dll
0x00007ff8192d0000 - 0x00007ff8192db000 	C:\WINDOWS\SYSTEM32\VERSION.dll
0x00007ff822f90000 - 0x00007ff822fa5000 	C:\WINDOWS\SYSTEM32\UMPDC.dll
0x00007ff821de0000 - 0x00007ff821dfb000 	C:\WINDOWS\SYSTEM32\kernel.appcore.dll
0x00007ff80f410000 - 0x00007ff80f41a000 	E:\JDK17\bin\jimage.dll
0x00007ff820640000 - 0x00007ff820882000 	C:\WINDOWS\SYSTEM32\DBGHELP.DLL
0x00007ff824c60000 - 0x00007ff824fe5000 	C:\WINDOWS\System32\combase.dll
0x00007ff825330000 - 0x00007ff825409000 	C:\WINDOWS\System32\OLEAUT32.dll
0x00007ff81f980000 - 0x00007ff81f9bb000 	C:\WINDOWS\SYSTEM32\dbgcore.DLL
0x00007ff823370000 - 0x00007ff82341c000 	C:\WINDOWS\System32\bcryptPrimitives.dll
0x00007ff80d680000 - 0x00007ff80d68e000 	E:\JDK17\bin\instrument.dll
0x00007ffffdfc0000 - 0x00007ffffdfe5000 	E:\JDK17\bin\java.dll
0x00007fffe42c0000 - 0x00007fffe4397000 	E:\JDK17\bin\jsvml.dll
0x00007ff8241c0000 - 0x00007ff824948000 	C:\WINDOWS\System32\SHELL32.dll
0x00007ff820be0000 - 0x00007ff82147b000 	C:\WINDOWS\SYSTEM32\windows.storage.dll
0x00007ff824a70000 - 0x00007ff824b69000 	C:\WINDOWS\System32\SHCORE.dll
0x00007ff824a00000 - 0x00007ff824a66000 	C:\WINDOWS\System32\shlwapi.dll
0x00007ff823070000 - 0x00007ff823099000 	C:\WINDOWS\SYSTEM32\profapi.dll
0x00007ff80d770000 - 0x00007ff80d788000 	E:\JDK17\bin\zip.dll
0x00007ff80db20000 - 0x00007ff80db3a000 	E:\JDK17\bin\net.dll
0x00007ff81cc40000 - 0x00007ff81cd68000 	C:\WINDOWS\SYSTEM32\WINHTTP.dll
0x00007ff8223f0000 - 0x00007ff82245c000 	C:\WINDOWS\system32\mswsock.dll
0x00007ff80d940000 - 0x00007ff80d956000 	E:\JDK17\bin\nio.dll
0x00007ffffde10000 - 0x00007ffffde19000 	E:\JDK17\bin\extnet.dll
0x00007ff8218c0000 - 0x00007ff821a18000 	C:\WINDOWS\SYSTEM32\DNSAPI.dll
0x00007ff8221f0000 - 0x00007ff8221fd000 	C:\WINDOWS\SYSTEM32\DSPARSE.dll
0x00007ff821820000 - 0x00007ff821853000 	C:\WINDOWS\SYSTEM32\IPHLPAPI.DLL
0x00007ff825e60000 - 0x00007ff825e6a000 	C:\WINDOWS\System32\NSI.dll
0x00007ff819910000 - 0x00007ff81991b000 	C:\Windows\System32\rasadhlp.dll
0x00007ff81d210000 - 0x00007ff81d296000 	C:\WINDOWS\System32\fwpuclnt.dll
0x00007ff80d670000 - 0x00007ff80d67a000 	E:\JDK17\bin\management.dll
0x00007ff80d130000 - 0x00007ff80d13c000 	E:\JDK17\bin\management_ext.dll
0x00007ff825500000 - 0x00007ff825508000 	C:\WINDOWS\System32\PSAPI.DLL
0x00007ff8226e0000 - 0x00007ff8226fb000 	C:\WINDOWS\SYSTEM32\CRYPTSP.dll
0x00007ff821da0000 - 0x00007ff821dd9000 	C:\WINDOWS\system32\rsaenh.dll
0x00007ff8224a0000 - 0x00007ff8224d2000 	C:\WINDOWS\SYSTEM32\USERENV.dll
0x00007ff823040000 - 0x00007ff82306a000 	C:\WINDOWS\SYSTEM32\bcrypt.dll
0x00007ff822700000 - 0x00007ff82270c000 	C:\WINDOWS\SYSTEM32\CRYPTBASE.dll
0x00007ff81ce20000 - 0x00007ff81ce3d000 	C:\WINDOWS\SYSTEM32\dhcpcsvc6.DLL
0x00007ff81cdf0000 - 0x00007ff81ce15000 	C:\WINDOWS\SYSTEM32\dhcpcsvc.DLL
0x00007ffffd9d0000 - 0x00007ffffd9e8000 	C:\WINDOWS\system32\napinsp.dll
0x00007ffffa350000 - 0x00007ffffa363000 	C:\WINDOWS\System32\winrnr.dll
0x00007ffff9970000 - 0x00007ffff9992000 	C:\WINDOWS\system32\nlansp_c.dll
0x00007ffffa330000 - 0x00007ffffa346000 	C:\WINDOWS\system32\wshbth.dll

dbghelp: loaded successfully - version: 4.0.5 - missing functions: none
symbol engine: initialized successfully - sym options: 0x614 - pdb path: .;E:\JDK17\bin;C:\WINDOWS\SYSTEM32;C:\WINDOWS\WinSxS\amd64_microsoft.windows.common-controls_6595b64144ccf1df_6.0.26100.8972_none_3e0da176e32f9d4b;E:\JDK17\bin\server

VM Arguments:
jvm_args: -XX:TieredStopAtLevel=1 -Dspring.output.ansi.enabled=always -Dcom.sun.management.jmxremote -Dspring.jmx.enabled=true -Dspring.liveBeansView.mbeanDomain -Dspring.application.admin.enabled=true -Dmanagement.endpoints.jmx.exposure.include=* -javaagent:E:\New folder\IDJE\IntelliJ IDEA 2026.2.0.1\lib\idea_rt.jar=51929 -Dfile.encoding=UTF-8 
java_command: com.africell.cci_backend.AfricellCciBackendApplication
java_class_path (initial): E:\clickr\africell_cci_backend\target\classes;C:\Users\Archita\.m2\repository\org\springframework\boot\spring-boot-starter-data-jpa\4.0.6\spring-boot-starter-data-jpa-4.0.6.jar;C:\Users\Archita\.m2\repository\org\springframework\boot\spring-boot-starter\4.0.6\spring-boot-starter-4.0.6.jar;C:\Users\Archita\.m2\repository\org\springframework\boot\spring-boot-starter-logging\4.0.6\spring-boot-starter-logging-4.0.6.jar;C:\Users\Archita\.m2\repository\ch\qos\logback\logback-classic\1.5.32\logback-classic-1.5.32.jar;C:\Users\Archita\.m2\repository\ch\qos\logback\logback-core\1.5.32\logback-core-1.5.32.jar;C:\Users\Archita\.m2\repository\org\apache\logging\log4j\log4j-to-slf4j\2.25.4\log4j-to-slf4j-2.25.4.jar;C:\Users\Archita\.m2\repository\org\slf4j\jul-to-slf4j\2.0.17\jul-to-slf4j-2.0.17.jar;C:\Users\Archita\.m2\repository\org\springframework\boot\spring-boot-autoconfigure\4.0.6\spring-boot-autoconfigure-4.0.6.jar;C:\Users\Archita\.m2\repository\jakarta\annotation\jakarta.annotation-api\3.0.0\jakarta.annotation-api-3.0.0.jar;C:\Users\Archita\.m2\repository\org\yaml\snakeyaml\2.5\snakeyaml-2.5.jar;C:\Users\Archita\.m2\repository\org\springframework\boot\spring-boot-starter-jdbc\4.0.6\spring-boot-starter-jdbc-4.0.6.jar;C:\Users\Archita\.m2\repository\com\zaxxer\HikariCP\7.0.2\HikariCP-7.0.2.jar;C:\Users\Archita\.m2\repository\org\springframework\boot\spring-boot-data-jpa\4.0.6\spring-boot-data-jpa-4.0.6.jar;C:\Users\Archita\.m2\repository\org\springframework\boot\spring-boot-data-commons\4.0.6\spring-boot-data-commons-4.0.6.jar;C:\Users\Archita\.m2\repository\org\springframework\boot\spring-boot-persistence\4.0.6\spring-boot-persistence-4.0.6.jar;C:\Users\Archita\.m2\repository\org\springframework\data\spring-data-commons\4.0.5\spring-data-commons-4.0.5.jar;C:\Users\Archita\.m2\repository\org\springframework\boot\spring-boot-hibernate\4.0.6\spring-boot-hibernate-4.0.6.jar;C:\Users\Archita\.m2\repository\org\springframework\boot\spring-boot-jpa\
Launcher Type: SUN_STANDARD

[Global flags]
     intx CICompilerCount                          = 4                                         {product} {ergonomic}
     uint ConcGCThreads                            = 2                                         {product} {ergonomic}
     uint G1ConcRefinementThreads                  = 8                                         {product} {ergonomic}
   size_t G1HeapRegionSize                         = 2097152                                   {product} {ergonomic}
    uintx GCDrainStackTargetSize                   = 64                                        {product} {ergonomic}
   size_t InitialHeapSize                          = 264241152                                 {product} {ergonomic}
     bool ManagementServer                         = true                                      {product} {command line}
   size_t MarkStackSize                            = 4194304                                   {product} {ergonomic}
   size_t MaxHeapSize                              = 4225761280                                {product} {ergonomic}
   size_t MaxNewSize                               = 2535456768                                {product} {ergonomic}
   size_t MinHeapDeltaBytes                        = 2097152                                   {product} {ergonomic}
   size_t MinHeapSize                              = 8388608                                   {product} {ergonomic}
    uintx NonProfiledCodeHeapSize                  = 0                                      {pd product} {ergonomic}
     bool ProfileInterpreter                       = false                                  {pd product} {command line}
    uintx ProfiledCodeHeapSize                     = 0                                      {pd product} {ergonomic}
   size_t SoftMaxHeapSize                          = 4225761280                             {manageable} {ergonomic}
     intx TieredStopAtLevel                        = 1                                         {product} {command line}
     bool UseCompressedClassPointers               = true                           {product lp64_product} {ergonomic}
     bool UseCompressedOops                        = true                           {product lp64_product} {ergonomic}
     bool UseG1GC                                  = true                                      {product} {ergonomic}
     bool UseLargePagesIndividualAllocation        = false                                  {pd product} {ergonomic}

Logging:
Log output configuration:
 #0: stdout all=warning uptime,level,tags
 #1: stderr all=off uptime,level,tags

Environment Variables:
PATH=E:\JDK17\bin;C:\Python313\Scripts\;C:\Python313\;C:\WINDOWS\system32;C:\WINDOWS;C:\WINDOWS\System32\Wbem;C:\WINDOWS\System32\WindowsPowerShell\v1.0\;C:\WINDOWS\System32\OpenSSH\;C:\Program Files\dotnet\;C:\ProgramData\chocolatey\bin;C:\Program Files\MongoDB\Server\8.0\bin;C:\Program Files\Docker\Docker\resources\bin;E:\Git\cmd;E:\Node.js\;C:\Program Files\MySQL\MySQL Shell 8.0\bin\;C:\Users\Archita\.local\bin;C:\Users\Archita\AppData\Local\Programs\Python\Python310\Scripts\;C:\Users\Archita\AppData\Local\Programs\Python\Python310\;C:\Users\Archita\AppData\Local\Microsoft\WindowsApps;C:\MinGW\bin;C:\Users\Archita\AppData\Local\Programs\Microsoft VS Code\bin;C:\Users\Archita\AppData\Roaming\Microsoft\Windows\Start Menu\Programs\Python 3.12\Python 3.12 (64-bit).lnk;C:\Users\Archita\AppData\Local\Programs\Antigravity\bin;C:\Users\Archita\AppData\Local\Microsoft\WinGet\Packages\OpenJS.NodeJS_Microsoft.Winget.Source_8wekyb3d8bbwe\node-v26.4.0-win-x64;C:\Users\Archita\AppData\Roaming\npm
USERNAME=Archita
OS=Windows_NT
PROCESSOR_IDENTIFIER=Intel64 Family 6 Model 140 Stepping 1, GenuineIntel
TMP=C:\Users\Archita\AppData\Local\Temp
TEMP=C:\Users\Archita\AppData\Local\Temp



Periodic native trim disabled


---------------  S Y S T E M  ---------------

OS:
 Windows 11 , 64 bit Build 26100 (10.0.26100.9168)
OS uptime: 11 days 21:10 hours
Hyper-V role detected

CPU: total 8 (initial active 8) (4 cores per cpu, 2 threads per core) family 6 model 140 stepping 1 microcode 0xbe, cx8, cmov, fxsr, ht, mmx, 3dnowpref, sse, sse2, sse3, ssse3, sse4.1, sse4.2, popcnt, lzcnt, tsc, tscinvbit, avx, avx2, aes, erms, clmul, bmi1, bmi2, adx, avx512f, avx512dq, avx512cd, avx512bw, avx512vl, sha, fma, vzeroupper, avx512_vpopcntdq, avx512_vpclmulqdq, avx512_vaes, avx512_vnni, clflush, clflushopt, clwb, avx512_vbmi2, avx512_vbmi, hv
Processor Information for processor 0
  Max Mhz: 2419, Current Mhz: 1209, Mhz Limit: 2419
Processor Information for processor 1
  Max Mhz: 2419, Current Mhz: 1209, Mhz Limit: 2419
Processor Information for processor 2
  Max Mhz: 2419, Current Mhz: 2419, Mhz Limit: 2419
Processor Information for processor 3
  Max Mhz: 2419, Current Mhz: 1209, Mhz Limit: 2419
Processor Information for processor 4
  Max Mhz: 2419, Current Mhz: 2419, Mhz Limit: 2419
Processor Information for processor 5
  Max Mhz: 2419, Current Mhz: 1209, Mhz Limit: 2419
Processor Information for processor 6
  Max Mhz: 2419, Current Mhz: 1209, Mhz Limit: 2419
Processor Information for processor 7
  Max Mhz: 2419, Current Mhz: 1209, Mhz Limit: 2419

Memory: 4k page, system-wide physical 16118M (1913M free)
TotalPageFile size 35868M (AvailPageFile size 0M)
current process WorkingSet (physical memory assigned to process): 95M, peak: 95M
current process commit charge ("private bytes"): 358M, peak: 358M

vm_info: OpenJDK 64-Bit Server VM (17.0.20+8) for windows-amd64 JRE (17.0.20+8), built on Jul 22 2026 00:41:45 by "admin" with MS VC++ 17.12 (VS2022)

END.
